// Jest Snapshot v1, https://goo.gl/fbAQLP

exports[`<Chat /> matches the snapshot 1`] = `
<div>
  <ol
    className="chat"
  />
  <input
    className="textarea"
    onKeyPress={[Function]}
    placeholder="test"
    type="text"
  />
  <a
    className="banner"
    href="https://github.com/serenovaLLC"
    target="_blank"
  >
    Powered by 
    <b>
      Serenova
    </b>
  </a>
</div>
`;
